[36mvite v7.1.12 [32mbuilding for production...[36m[39m
transforming...
[32mΓ£ô[39m 2095 modules transformed.
node.exe : [31mΓ£ù[39m Build failed in 9.79s
At line:1 char:1
+ & "C:\nvm4w\nodejs/node.exe" 
"C:\nvm4w\nodejs/node_modules/npm/bin/np ...
+ 
~~~~~~~~~~~~~~~~~~~~~~~~~~~~~~~~~~~~~~~~~~~~~~~~~~~~~~~~~~~~~~~~~~~~~
    + CategoryInfo          : NotSpecified: ([31mΓ£ù[39m Build fai 
   led in 9.79s:String) [], RemoteException
    + FullyQualifiedErrorId : NativeCommandError
 
[31merror during build:
[31mCould not resolve "../../../components/common/Button" from 
"src/components/dashboard/CurrentWorkspaceCard.jsx"[31m
file: [36mC:/Users/Mohammad Ghanim/Documents/GitHub/BuildSync/fronte
nd/src/components/dashboard/CurrentWorkspaceCard.jsx[31m
    at getRollupError (file:///C:/Users/Mohammad%20Ghanim/Documents/G
itHub/BuildSync/frontend/node_modules/rollup/dist/es/shared/parseAst.
js:401:41)
    at error (file:///C:/Users/Mohammad%20Ghanim/Documents/GitHub/Bui
ldSync/frontend/node_modules/rollup/dist/es/shared/parseAst.js:397:42
)
    at ModuleLoader.handleInvalidResolvedId (file:///C:/Users/Mohamma
d%20Ghanim/Documents/GitHub/BuildSync/frontend/node_modules/rollup/di
st/es/shared/node-entry.js:21565:24)
    at file:///C:/Users/Mohammad%20Ghanim/Documents/GitHub/BuildSync/
frontend/node_modules/rollup/dist/es/shared/node-entry.js:21525:26[3
9m
